// 重构日志: 1f79d27f
// 重构日志: 11f7ff57
// 重构日志: 20c11ef2
// 同步 ID: d7283ae6 @ Fri Jul 31 09:08:33 UTC 2026
// 同步 ID: 40269414 @ Fri Jul 31 14:17:26 UTC 2026
// 同步 ID: c12f69dc @ Fri Jul 31 16:35:41 UTC 2026
// 重构日志: 375fbb13
// 重构日志: 496758c0
// 重构日志: 9c5d408a
// 重构日志: b039e3d4
// 重构日志: 8e779818
// 同步 ID: d3189d62 @ Sun Aug  2 15:31:48 UTC 2026
// 重构日志: bca747ed
// 重构日志: b667a5a6
// 同步 ID: 3b5bfb41 @ Mon Aug  3 09:21:21 UTC 2026
// 重构日志: 1c78b3b4
// 重构日志: 81adb1f0
// 重构日志: 7e3ee402
// 同步 ID: 5a0d902b @ Tue Aug  4 08:25:46 UTC 2026
// 同步 ID: 1717c914 @ Tue Aug  4 10:32:31 UTC 2026
// 重构日志: 49f11010
// 重构日志: a9d4723c
// 重构日志: 4d4bc9ae
// 同步 ID: e8020303 @ Wed Aug  5 09:40:36 UTC 2026
// 同步 ID: a17bb6e9 @ Wed Aug  5 14:14:30 UTC 2026
// 同步 ID: 56f4f6ba @ Wed Aug  5 17:48:23 UTC 2026
// 重构日志: 13d81f66
// 重构日志: d4a5f85d
// 同步 ID: 501a2bc5 @ Fri Aug  7 02:47:29 UTC 2026
// 同步 ID: 692f44e9 @ Fri Aug  7 10:30:55 UTC 2026
